CAPTURE frames/tutorial-door-closed 1920x1080 pixels=1003644
LAYER_CASE tutorial-door-closed scene_plane=0 selector=0
CAPTURE frames/tutorial-door-open 1920x1080 pixels=1003674
LAYER_CASE tutorial-door-open scene_plane=0 selector=0
CAPTURE frames/lumbridge-ground-single 1920x1080 pixels=1286177
LAYER_CASE lumbridge-ground-single scene_plane=0 selector=0
CAPTURE frames/lumbridge-ground-stack 1920x1080 pixels=1286177
LAYER_CASE lumbridge-ground-stack scene_plane=0 selector=0
CAPTURE frames/lumbridge-ground-top-three 1920x1080 pixels=1286177
LAYER_CASE lumbridge-ground-top-three scene_plane=0 selector=0
CAPTURE frames/lumbridge-fire-frame-zero 1920x1080 pixels=1286177
LAYER_CASE lumbridge-fire-frame-zero scene_plane=0 selector=0
CAPTURE frames/lumbridge-fire-frame-three 1920x1080 pixels=1286177
LAYER_CASE lumbridge-fire-frame-three scene_plane=0 selector=0
CAPTURE frames/tutorial-roofs-outside 1920x1080 pixels=1078449
LAYER_CASE tutorial-roofs-outside scene_plane=3 selector=3
CAPTURE frames/tutorial-roofs-inside 1920x1080 pixels=1078449
LAYER_CASE tutorial-roofs-inside scene_plane=3 selector=0
CAPTURE frames/tutorial-roofs-hidden 1920x1080 pixels=1003644
LAYER_CASE tutorial-roofs-hidden scene_plane=0 selector=0
CAPTURE frames/lumbridge-minimap-plane-one 1920x1080 pixels=1349534
LAYER_CASE lumbridge-minimap-plane-one scene_plane=1 selector=1
CAPTURE frames/lumbridge-minimap-mapped-chunk 1920x1080 pixels=1286190
LAYER_CASE lumbridge-minimap-mapped-chunk scene_plane=0 selector=0
{"result":"passed","cases":12,"pairs":8,"candidate_compared":false}
