TAP version 13
# Subtest: game.ui.v1 requires the exact complete projection, never a fabricated empty success
ok 1 - game.ui.v1 requires the exact complete projection, never a fabricated empty success
  ---
  duration_ms: 1.599273
  type: 'test'
  ...
# Subtest: nested malformed fields and duplicate identities are explicit projection failures
ok 2 - nested malformed fields and duplicate identities are explicit projection failures
  ---
  duration_ms: 0.953909
  type: 'test'
  ...
# Subtest: decimal formatting retains u64 XP/credit and signed gram precision
ok 3 - decimal formatting retains u64 XP/credit and signed gram precision
  ---
  duration_ms: 7.684316
  type: 'test'
  ...
# Subtest: opaque inventory actions recheck item, instance and actual permission without mutating inventory
ok 4 - opaque inventory actions recheck item, instance and actual permission without mutating inventory
  ---
  duration_ms: 1.398184
  type: 'test'
  ...
# Subtest: production retains menu/recipe identities and distinct single/make-X permissions
ok 5 - production retains menu/recipe identities and distinct single/make-X permissions
  ---
  duration_ms: 0.427298
  type: 'test'
  ...
# Subtest: bank requests retain stable entries, placeholders and tab identities
ok 6 - bank requests retain stable entries, placeholders and tab identities
  ---
  duration_ms: 0.335778
  type: 'test'
  ...
# Subtest: placeholder zero-quantity objects, mismatched item IDs and duplicate source slots are not valid bank views
ok 7 - placeholder zero-quantity objects, mismatched item IDs and duplicate source slots are not valid bank views
  ---
  duration_ms: 0.276434
  type: 'test'
  ...
# Subtest: coffer/discard requests depend on declared permissions and preserve recovery/instance identity
ok 8 - coffer/discard requests depend on declared permissions and preserve recovery/instance identity
  ---
  duration_ms: 0.225985
  type: 'test'
  ...
# Subtest: public chat checks declared channel, UTF-8 bytes and server permission, not JS string length
ok 9 - public chat checks declared channel, UTF-8 bytes and server permission, not JS string length
  ---
  duration_ms: 0.550339
  type: 'test'
  ...
# Subtest: presentation requests are exhaustive and require the current opaque identity
ok 10 - presentation requests are exhaustive and require the current opaque identity
  ---
  duration_ms: 0.193569
  type: 'test'
  ...
# Subtest: exact owner approval and source-font metrics are bound
ok 11 - exact owner approval and source-font metrics are bound
  ---
  duration_ms: 1.032309
  type: 'test'
  ...
# Subtest: lossless source-widget pool rejects corrupt references
ok 12 - lossless source-widget pool rejects corrupt references
  ---
  duration_ms: 0.26605
  type: 'test'
  ...
# Subtest: native CP1252 mapping, escapes, line breaks and indivisible tokens
ok 13 - native CP1252 mapping, escapes, line breaks and indivisible tokens
  ---
  duration_ms: 0.292146
  type: 'test'
  ...
# Subtest: 696 pinned text records match metrics; two explicitly unrecorded texts remain unknown
ok 14 - 696 pinned text records match metrics; two explicitly unrecorded texts remain unknown
  ---
  duration_ms: 17.893317
  type: 'test'
  ...
# Subtest: 71-state/29-family/11-signature coverage is retained without declaring unknown controls hidden
ok 15 - 71-state/29-family/11-signature coverage is retained without declaring unknown controls hidden
  ---
  duration_ms: 0.290082
  type: 'test'
  ...
# Subtest: native anchors remain source-aligned across the approved resize range
ok 16 - native anchors remain source-aligned across the approved resize range
  ---
  duration_ms: 3.240146
  type: 'test'
  ...
# Subtest: genuine source lock uses authoritative unlocks, never inferred negative evidence
ok 17 - genuine source lock uses authoritative unlocks, never inferred negative evidence
  ---
  duration_ms: 0.442643
  type: 'test'
  ...
# Subtest: quantity parser rejects zero, negative, fractional, exponent, overflow and blank
ok 18 - quantity parser rejects zero, negative, fractional, exponent, overflow and blank
  ---
  duration_ms: 0.165265
  type: 'test'
  ...
# Subtest: skill XP formatting never loses u64/string precision or creates XP
ok 19 - skill XP formatting never loses u64/string precision or creates XP
  ---
  duration_ms: 7.516058
  type: 'test'
  ...
# Subtest: content-derived weapon IDs and experience choices remain data-only source bindings
ok 20 - content-derived weapon IDs and experience choices remain data-only source bindings
  ---
  duration_ms: 48.147567
  type: 'test'
  ...
# Subtest: failed asset requests require explicit retry and release references on dispose
ok 21 - failed asset requests require explicit retry and release references on dispose
  ---
  duration_ms: 5.503871
  type: 'test'
  ...
# Subtest: source filter predicates retain unknown requirements and use exact Classic grid arithmetic
ok 22 - source filter predicates retain unknown requirements and use exact Classic grid arithmetic
  ---
  duration_ms: 0.240945
  type: 'test'
  ...
# Subtest: web-only error pages preserve long identifiers without overlap or native glyph clipping
ok 23 - web-only error pages preserve long identifiers without overlap or native glyph clipping
  ---
  duration_ms: 0.526243
  type: 'test'
  ...
# Subtest: recovery display uses explicit fee/coffer inputs and native controls without granting items
ok 24 - recovery display uses explicit fee/coffer inputs and native controls without granting items
  ---
  duration_ms: 3.84719
  type: 'test'
  ...
# Subtest: source production model replacement preserves widget identity and native choice coordinates
ok 25 - source production model replacement preserves widget identity and native choice coordinates
  ---
  duration_ms: 4.625642
  type: 'test'
  ...
# Subtest: bank placeholder artwork uses the actual original placeholder definition, never an alpha-tinted normal item
ok 26 - bank placeholder artwork uses the actual original placeholder definition, never an alpha-tinted normal item
  ---
  duration_ms: 0.111024
  type: 'test'
  ...
# Subtest: death preview projects only supplied rows, opaque quantities and full monetary text
ok 27 - death preview projects only supplied rows, opaque quantities and full monetary text
  ---
  duration_ms: 0.938262
  type: 'test'
  ...
# Subtest: quest reward lines use the real source 9..15 slots and never retain native fixture awards
ok 28 - quest reward lines use the real source 9..15 slots and never retain native fixture awards
  ---
  duration_ms: 0.652179
  type: 'test'
  ...
1..28
# tests 28
# suites 0
# pass 28
# fail 0
# cancelled 0
# skipped 0
# todo 0
# duration_ms 296.558553
