{"timestamp":"2026-09-15T05:50:53.761312Z","level":"INFO","fields":{"message":"required source bindings checked; inactivity proofs are not milestone acceptance","event":"game_readiness","profile":"Some(\"ordinary_normal_f2p\")","inactive":"{\"items.item.ensouled_goblin_head.stackable.rule\": \"No initial, ground, shop, grant, reconciliation, recipe, transformation or non-members loot introduction.\", \"items.item.milk.bottomless_bucket.stackable.rule\": \"No initial, ground, shop, grant, reconciliation, recipe, transformation or non-members loot introduction.\", \"mechanics.death.office_overflow\": \"At most 118 ordinary item keys, no introduced item instances, within 120 Office slots.\", \"spawns.spawn.tutorial.fishing_spot.3099.3090.p0.interactions[0].action.rule.mechanics.respawn\": \"Source depletion is exactly zero; relocation is independently validated, not waived.\", \"spawns.spawn.tutorial.fishing_spot.3101.3092.p0.interactions[0].action.rule.mechanics.respawn\": \"Source depletion is exactly zero; relocation is independently validated, not waived.\", \"spawns.spawn.tutorial.fishing_spot.3103.3092.p0.interactions[0].action.rule.mechanics.respawn\": \"Source depletion is exactly zero; relocation is independently validated, not waived.\"}"},"target":"clubscape_server::game_service::content"}
{"timestamp":"2026-09-15T05:50:54.888897Z","level":"INFO","fields":{"message":"account service listening on loopback","event":"listening","address":"127.0.0.1:33229"},"target":"clubscape_server"}
{"timestamp":"2026-09-15T05:50:56.957134Z","level":"INFO","fields":{"message":"account RPC completed","event":"rpc_completed","request_id":"1969eb32-e126-41cb-8301-f10e7b86d982","error_id":"","status":200,"elapsed_ms":0},"target":"clubscape_server"}
{"timestamp":"2026-09-15T05:50:57.281127Z","level":"INFO","fields":{"message":"account RPC completed","event":"rpc_completed","request_id":"26b82d6f-0708-466c-81d5-baeeaf766dc0","error_id":"","status":200,"elapsed_ms":311},"target":"clubscape_server"}
{"timestamp":"2026-09-15T05:50:57.597601Z","level":"INFO","fields":{"message":"account RPC completed","event":"rpc_completed","request_id":"7214d43c-3038-439c-9dab-31cf64d3700c","error_id":"","status":200,"elapsed_ms":313},"target":"clubscape_server"}
{"timestamp":"2026-09-15T05:50:57.650715Z","level":"INFO","fields":{"message":"account RPC completed","event":"rpc_completed","request_id":"78b04cc9-986c-411c-bbea-7c37323321fb","error_id":"","status":200,"elapsed_ms":48},"target":"clubscape_server"}
{"timestamp":"2026-09-15T05:50:57.951502Z","level":"INFO","fields":{"message":"account RPC completed","event":"rpc_completed","request_id":"8f7c6e75-876b-4664-a412-ecc0cf3dce1a","error_id":"","status":200,"elapsed_ms":298},"target":"clubscape_server"}
{"timestamp":"2026-09-15T05:50:59.557032Z","level":"INFO","fields":{"message":"account RPC completed","event":"rpc_completed","request_id":"929695dc-e501-4829-9dc1-3416fab8da78","error_id":"","status":200,"elapsed_ms":270},"target":"clubscape_server"}
{"timestamp":"2026-09-15T05:51:00.434758Z","level":"INFO","fields":{"message":"account RPC completed","event":"rpc_completed","request_id":"c32e39e8-a34e-4578-a406-aa49d995b970","error_id":"","status":200,"elapsed_ms":263},"target":"clubscape_server"}
{"timestamp":"2026-09-15T05:51:01.391154Z","level":"INFO","fields":{"message":"account RPC completed","event":"rpc_completed","request_id":"157dd1f7-88aa-417a-ac56-65455b28828a","error_id":"","status":200,"elapsed_ms":851},"target":"clubscape_server"}
{"timestamp":"2026-09-15T05:51:02.285717Z","level":"INFO","fields":{"message":"account RPC completed","event":"rpc_completed","request_id":"352f2249-aa9f-4715-90ed-b3f9183adfa5","error_id":"","status":200,"elapsed_ms":265},"target":"clubscape_server"}
{"timestamp":"2026-09-15T05:51:03.289098Z","level":"INFO","fields":{"message":"account RPC completed","event":"rpc_completed","request_id":"e01e6e71-2aac-48ca-aef9-d777fc1f98a0","error_id":"","status":200,"elapsed_ms":991},"target":"clubscape_server"}
{"timestamp":"2026-09-15T05:51:04.175390Z","level":"INFO","fields":{"message":"account RPC completed","event":"rpc_completed","request_id":"a7d60e24-63e7-40d7-8b54-08760814a3d2","error_id":"","status":200,"elapsed_ms":257},"target":"clubscape_server"}
{"timestamp":"2026-09-15T05:51:04.901663Z","level":"WARN","fields":{"message":"game command validation failed","event":"game_validation_failure","error_id":"245ca9ba-29ef-4886-937a-12d18b1c90d3","game_error_code":"OutOfReach"},"target":"clubscape_server::game_storage::codec"}
{"timestamp":"2026-09-15T05:51:04.902054Z","level":"WARN","fields":{"message":"game storage operation failed","event":"game_storage_failure","error_id":"245ca9ba-29ef-4886-937a-12d18b1c90d3","status":409,"code":"Conflict"},"target":"clubscape_server::game_storage"}
{"timestamp":"2026-09-15T05:51:04.902213Z","level":"INFO","fields":{"message":"account RPC completed","event":"rpc_completed","request_id":"df2ba9db-c879-4ec3-acb6-baca20897da3","error_id":"245ca9ba-29ef-4886-937a-12d18b1c90d3","status":409,"elapsed_ms":678},"target":"clubscape_server"}
{"timestamp":"2026-09-15T05:51:05.015912Z","level":"INFO","fields":{"message":"account RPC completed","event":"rpc_completed","request_id":"8a28512e-7429-43ee-9b69-a0021ad70087","error_id":"","status":200,"elapsed_ms":109},"target":"clubscape_server"}
{"timestamp":"2026-09-15T05:51:05.050483Z","level":"INFO","fields":{"message":"account RPC completed","event":"rpc_completed","request_id":"67f49f1b-204e-4803-aae6-5f36fb132758","error_id":"","status":200,"elapsed_ms":31},"target":"clubscape_server"}
{"timestamp":"2026-09-15T05:51:05.736180Z","level":"INFO","fields":{"message":"account service shutting down","event":"shutdown_started"},"target":"clubscape_server::transport"}
{"timestamp":"2026-09-15T05:51:05.794589Z","level":"INFO","fields":{"message":"account service stopped","event":"shutdown_complete","clean":true},"target":"clubscape_server"}
