2026-09-15 01:40:10 EDT [main] INFO  n.r.client.RuntimeConfigLoader - Using local runtime config: RuntimeConfig(props={}, sysProps={}, compilerControl=null, outageMessage=null, outageLinks=null, outageStart=null, outageEnd=null, ignoreDeadNpcs=null, forceDeadNpcs=null, resetDeadOnChangeNpcs=null, forceDeadAnimations=null, healthCheckDeadNpcs=null, outdatedClientVersions=null, outdatedPluginVersions=null, updateLauncherWinVers=null, updateRollout=0.0)
2026-09-15 01:40:11 EDT [main] INFO  n.r.client.config.ConfigManager - Creating profile: default (2120684804069345)
java.util.concurrent.ExecutionException: java.util.concurrent.ExecutionException: java.lang.SecurityException: class "net.runelite.client.plugins.xptracker.XpTrackerReadback"'s signer information does not match signer information of other classes in the same package
	at java.base/java.util.concurrent.CompletableFuture.reportGet(CompletableFuture.java:396)
	at java.base/java.util.concurrent.CompletableFuture.get(CompletableFuture.java:2073)
	at RuneLiteComposition.live(RuneLiteComposition.java:399)
	at RuneLiteComposition.main(RuneLiteComposition.java:475)
Caused by: java.util.concurrent.ExecutionException: java.lang.SecurityException: class "net.runelite.client.plugins.xptracker.XpTrackerReadback"'s signer information does not match signer information of other classes in the same package
	at java.base/java.util.concurrent.CompletableFuture.reportGet(CompletableFuture.java:396)
	at java.base/java.util.concurrent.CompletableFuture.get(CompletableFuture.java:2096)
	at RuneLiteComposition.checkPluginBaseline(RuneLiteComposition.java:292)
	at FirstXpJourney.run(FirstXpJourney.java:78)
	at RuneLiteComposition.lambda$live$11(RuneLiteComposition.java:379)
	at java.base/java.util.concurrent.Executors$RunnableAdapter.call(Executors.java:539)
	at java.base/java.util.concurrent.FutureTask.run(FutureTask.java:264)
	at java.base/java.util.concurrent.ThreadPoolExecutor.runWorker(ThreadPoolExecutor.java:1136)
	at java.base/java.util.concurrent.ThreadPoolExecutor$Worker.run(ThreadPoolExecutor.java:635)
	at java.base/java.lang.Thread.run(Thread.java:840)
Caused by: java.lang.SecurityException: class "net.runelite.client.plugins.xptracker.XpTrackerReadback"'s signer information does not match signer information of other classes in the same package
	at java.base/java.lang.ClassLoader.checkCerts(ClassLoader.java:1163)
	at java.base/java.lang.ClassLoader.preDefineClass(ClassLoader.java:907)
	at java.base/java.lang.ClassLoader.defineClass(ClassLoader.java:1015)
	at java.base/java.security.SecureClassLoader.defineClass(SecureClassLoader.java:150)
	at java.base/jdk.internal.loader.BuiltinClassLoader.defineClass(BuiltinClassLoader.java:862)
	at java.base/jdk.internal.loader.BuiltinClassLoader.findClassOnClassPathOrNull(BuiltinClassLoader.java:760)
	at java.base/jdk.internal.loader.BuiltinClassLoader.loadClassOrNull(BuiltinClassLoader.java:681)
	at java.base/jdk.internal.loader.BuiltinClassLoader.loadClass(BuiltinClassLoader.java:639)
	at java.base/jdk.internal.loader.ClassLoaders$AppClassLoader.loadClass(ClassLoaders.java:188)
	at java.base/java.lang.ClassLoader.loadClass(ClassLoader.java:525)
	at RuneLiteComposition.lambda$checkPluginBaseline$7(RuneLiteComposition.java:278)
	at RuneLiteComposition.live(RuneLiteComposition.java:392)
	at RuneLiteComposition.main(RuneLiteComposition.java:475)
