TAP version 13
# Subtest: the active pack, corrected manifest, source map and all 266 original payloads retain their hashes
ok 1 - the active pack, corrected manifest, source map and all 266 original payloads retain their hashes
  ---
  duration_ms: 109.315621
  type: 'test'
  ...
# Subtest: native delay 2 dispatches on processing call 3 and occupies capacity until call 4
ok 2 - native delay 2 dispatches on processing call 3 and occupies capacity until call 4
  ---
  duration_ms: 0.474803
  type: 'test'
  ...
# Subtest: native 50-entry FIFO drops only the new overflow request, never reprioritizes existing entries
ok 3 - native 50-entry FIFO drops only the new overflow request, never reprioritizes existing entries
  ---
  duration_ms: 0.296113
  type: 'test'
  ...
# Subtest: pending decode does not dispatch a placeholder, and cancellation removes only matching actions
ok 4 - pending decode does not dispatch a placeholder, and cancellation removes only matching actions
  ---
  duration_ms: 0.547587
  type: 'test'
  ...
# Subtest: the original -10-cycle loading grace expires without late playback
ok 5 - the original -10-cycle loading grace expires without late playback
  ---
  duration_ms: 0.189825
  type: 'test'
  ...
# Subtest: frame-1 eating after four cycles cannot inherit the additional packet-delay-2 convention
ok 6 - frame-1 eating after four cycles cannot inherit the additional packet-delay-2 convention
  ---
  duration_ms: 0.146753
  type: 'test'
  ...
# Subtest: all 100 original sequence 13612 weights include the 74 silent outcomes
ok 7 - all 100 original sequence 13612 weights include the 74 silent outcomes
  ---
  duration_ms: 2.56296
  type: 'test'
  ...
# Subtest: source frame correlation deduplicates server and animation callbacks, independent of event IDs
ok 8 - source frame correlation deduplicates server and animation callbacks, independent of event IDs
  ---
  duration_ms: 0.266706
  type: 'test'
  ...
# Subtest: events reject unsafe IDs, nonfinite values, invalid positions, and mutable compound payloads
ok 9 - events reject unsafe IDs, nonfinite values, invalid positions, and mutable compound payloads
  ---
  duration_ms: 0.369634
  type: 'test'
  ...
# Subtest: named selectors use actual shortbow/rat/goblin/smelting IDs; no generic UI click binding
ok 10 - named selectors use actual shortbow/rat/goblin/smelting IDs; no generic UI click binding
  ---
  duration_ms: 0.099585
  type: 'test'
  ...
# Subtest: journey region routing does not call the mill extraction seed the Autumn Classic square
ok 11 - journey region routing does not call the mill extraction seed the Autumn Classic square
  ---
  duration_ms: 0.05856
  type: 'test'
  ...
# Subtest: finite SFX repetition copies native loop samples and retains the actual tail without resampling
ok 12 - finite SFX repetition copies native loop samples and retains the actual tail without resampling
  ---
  duration_ms: 0.119793
  type: 'test'
  ...
# Subtest: native constructor/refresh defaults and exact nonlinear lookup tables
ok 13 - native constructor/refresh defaults and exact nonlinear lookup tables
  ---
  duration_ms: 2.695761
  type: 'test'
  ...
# Subtest: original source-cycle queue position and PCM-calibrated integer gains
ok 14 - original source-cycle queue position and PCM-calibrated integer gains
  ---
  duration_ms: 0.68562
  type: 'test'
  ...
# Subtest: original object rectangle, inner retention and native plane/world-owner policy
ok 15 - original object rectangle, inner retention and native plane/world-owner policy
  ---
  duration_ms: 0.900998
  type: 'test'
  ...
# Subtest: actual signed ambient fade behavior, including immediate upward changes
ok 16 - actual signed ambient fade behavior, including immediate upward changes
  ---
  duration_ms: 0.702484
  type: 'test'
  ...
# Subtest: original music fade uses float32 stepped native master levels, not a generic linear ramp
ok 17 - original music fade uses float32 stepped native master levels, not a generic linear ramp
  ---
  duration_ms: 0.701765
  type: 'test'
  ...
# Subtest: all native M1 morph cases use real varbit masks and original target definitions
ok 18 - all native M1 morph cases use real varbit masks and original target definitions
  ---
  duration_ms: 0.838581
  type: 'test'
  ...
# Subtest: source polygons and native table44 select the real six-track Modern area, not three guessed songs
ok 19 - source polygons and native table44 select the real six-track Modern area, not three guessed songs
  ---
  duration_ms: 0.60986
  type: 'test'
  ...
# Subtest: native mix comparisons stay source-qualified and explicitly identify unrepresentable clipping cases
ok 20 - native mix comparisons stay source-qualified and explicitly identify unrepresentable clipping cases
  ---
  duration_ms: 1.045207
  type: 'test'
  ...
# Subtest: source-supported extra cooking changes the committed Cook base-level delta, not the XP rule
ok 21 - source-supported extra cooking changes the committed Cook base-level delta, not the XP rule
  ---
  duration_ms: 1.015014
  type: 'test'
  ...
# Subtest: the observed 33/level4 example does not restrict a pre-trained 2-to-5 reward
ok 22 - the observed 33/level4 example does not restrict a pre-trained 2-to-5 reward
  ---
  duration_ms: 0.377506
  type: 'test'
  ...
# Subtest: a committed reward with XP but no base-level gain has no level-up cue, including boosted current levels
ok 23 - a committed reward with XP but no base-level gain has no level-up cue, including boosted current levels
  ---
  duration_ms: 0.085425
  type: 'test'
  ...
# Subtest: reward events cannot invent a completion association, skill, before level or XP delta
ok 24 - reward events cannot invent a completion association, skill, before level or XP delta
  ---
  duration_ms: 0.133905
  type: 'test'
  ...
# Subtest: deferral retains the committed reward delta even if later training raises the current snapshot
ok 25 - deferral retains the committed reward delta even if later training raises the current snapshot
  ---
  duration_ms: 0.065488
  type: 'test'
  ...
1..25
# tests 25
# suites 0
# pass 25
# fail 0
# cancelled 0
# skipped 0
# todo 0
# duration_ms 204.408738
